[INFO] Scanning for projects...
[INFO] 
[INFO] --------------------< ai.smartboard:smartboard-api >--------------------
[INFO] Building smartboard-api 0.0.1-SNAPSHOT
[INFO]   from pom.xml
[INFO] --------------------------------[ jar ]---------------------------------
[INFO] 
[INFO] >>> spring-boot:3.5.6:run (default-cli) > test-compile @ smartboard-api >>>
[INFO] 
[INFO] --- resources:3.3.1:resources (default-resources) @ smartboard-api ---
[INFO] Copying 1 resource from src/main/resources to target/classes
[INFO] Copying 1 resource from src/main/resources to target/classes
[INFO] 
[INFO] --- compiler:3.14.0:compile (default-compile) @ smartboard-api ---
[INFO] Nothing to compile - all classes are up to date.
[INFO] 
[INFO] --- resources:3.3.1:testResources (default-testResources) @ smartboard-api ---
[INFO] Copying 1 resource from src/test/resources to target/test-classes
[INFO] 
[INFO] --- compiler:3.14.0:testCompile (default-testCompile) @ smartboard-api ---
[INFO] Nothing to compile - all classes are up to date.
[INFO] 
[INFO] <<< spring-boot:3.5.6:run (default-cli) < test-compile @ smartboard-api <<<
[INFO] 
[INFO] 
[INFO] --- spring-boot:3.5.6:run (default-cli) @ smartboard-api ---
[INFO] Attaching agents: []

  .   ____          _            __ _ _
 /\\ / ___'_ __ _ _(_)_ __  __ _ \ \ \ \
( ( )\___ | '_ | '_| | '_ \/ _` | \ \ \ \
 \\/  ___)| |_)| | | | | || (_| |  ) ) ) )
  '  |____| .__|_| |_|_| |_\__, | / / / /
 =========|_|==============|___/=/_/_/_/

 :: Spring Boot ::                (v3.5.6)

2025-11-07T22:04:38.575-06:00  INFO 70387 --- [smartboard-api] [  restartedMain] a.s.s.SmartboardApiApplication           : Starting SmartboardApiApplication using Java 17.0.16 with PID 70387 (/Users/eliana/Documents/Fall - 2025/CSC - 394/SmartBoardAI/smartboard-api/target/classes started by eliana in /Users/eliana/Documents/Fall - 2025/CSC - 394/SmartBoardAI/smartboard-api)
2025-11-07T22:04:38.577-06:00  INFO 70387 --- [smartboard-api] [  restartedMain] a.s.s.SmartboardApiApplication           : No active profile set, falling back to 1 default profile: "default"
2025-11-07T22:04:38.590-06:00  INFO 70387 --- [smartboard-api] [  restartedMain] .e.DevToolsPropertyDefaultsPostProcessor : Devtools property defaults active! Set 'spring.devtools.add-properties' to 'false' to disable
2025-11-07T22:04:38.590-06:00  INFO 70387 --- [smartboard-api] [  restartedMain] .e.DevToolsPropertyDefaultsPostProcessor : For additional web related logging consider setting the 'logging.level.web' property to 'DEBUG'
2025-11-07T22:04:38.785-06:00  INFO 70387 --- [smartboard-api] [  restartedMain] .s.d.r.c.RepositoryConfigurationDelegate : Bootstrapping Spring Data JPA repositories in DEFAULT mode.
2025-11-07T22:04:38.801-06:00  INFO 70387 --- [smartboard-api] [  restartedMain] .s.d.r.c.RepositoryConfigurationDelegate : Finished Spring Data repository scanning in 13 ms. Found 1 JPA repository interface.
2025-11-07T22:04:38.959-06:00  INFO 70387 --- [smartboard-api] [  restartedMain] o.s.b.w.embedded.tomcat.TomcatWebServer  : Tomcat initialized with port 8080 (http)
2025-11-07T22:04:38.963-06:00  INFO 70387 --- [smartboard-api] [  restartedMain] o.apache.catalina.core.StandardService   : Starting service [Tomcat]
2025-11-07T22:04:38.963-06:00  INFO 70387 --- [smartboard-api] [  restartedMain] o.apache.catalina.core.StandardEngine    : Starting Servlet engine: [Apache Tomcat/10.1.46]
2025-11-07T22:04:38.974-06:00  INFO 70387 --- [smartboard-api] [  restartedMain] o.a.c.c.C.[Tomcat].[localhost].[/]       : Initializing Spring embedded WebApplicationContext
2025-11-07T22:04:38.974-06:00  INFO 70387 --- [smartboard-api] [  restartedMain] w.s.c.ServletWebServerApplicationContext : Root WebApplicationContext: initialization completed in 384 ms
2025-11-07T22:04:39.012-06:00  INFO 70387 --- [smartboard-api] [  restartedMain] com.zaxxer.hikari.HikariDataSource       : HikariPool-1 - Starting...
2025-11-07T22:04:39.067-06:00  INFO 70387 --- [smartboard-api] [  restartedMain] com.zaxxer.hikari.pool.HikariPool        : HikariPool-1 - Added connection conn0: url=jdbc:h2:mem:smartboard user=SA
2025-11-07T22:04:39.068-06:00  INFO 70387 --- [smartboard-api] [  restartedMain] com.zaxxer.hikari.HikariDataSource       : HikariPool-1 - Start completed.
2025-11-07T22:04:39.099-06:00  INFO 70387 --- [smartboard-api] [  restartedMain] o.hibernate.jpa.internal.util.LogHelper  : HHH000204: Processing PersistenceUnitInfo [name: default]
2025-11-07T22:04:39.114-06:00  INFO 70387 --- [smartboard-api] [  restartedMain] org.hibernate.Version                    : HHH000412: Hibernate ORM core version 6.6.29.Final
2025-11-07T22:04:39.122-06:00  INFO 70387 --- [smartboard-api] [  restartedMain] o.h.c.internal.RegionFactoryInitiator    : HHH000026: Second-level cache disabled
2025-11-07T22:04:39.200-06:00  INFO 70387 --- [smartboard-api] [  restartedMain] o.s.o.j.p.SpringPersistenceUnitInfo      : No LoadTimeWeaver setup: ignoring JPA class transformer
2025-11-07T22:04:39.223-06:00  INFO 70387 --- [smartboard-api] [  restartedMain] org.hibernate.orm.connections.pooling    : HHH10001005: Database info:
	Database JDBC URL [Connecting through datasource 'HikariDataSource (HikariPool-1)']
	Database driver: undefined/unknown
	Database version: 2.3.232
	Autocommit mode: undefined/unknown
	Isolation level: undefined/unknown
	Minimum pool size: undefined/unknown
	Maximum pool size: undefined/unknown
2025-11-07T22:04:39.443-06:00  INFO 70387 --- [smartboard-api] [  restartedMain] o.h.e.t.j.p.i.JtaPlatformInitiator       : HHH000489: No JTA platform available (set 'hibernate.transaction.jta.platform' to enable JTA platform integration)
2025-11-07T22:04:39.455-06:00  INFO 70387 --- [smartboard-api] [  restartedMain] j.LocalContainerEntityManagerFactoryBean : Initialized JPA EntityManagerFactory for persistence unit 'default'
2025-11-07T22:04:39.531-06:00  INFO 70387 --- [smartboard-api] [  restartedMain] o.s.d.j.r.query.QueryEnhancerFactory     : Hibernate is in classpath; If applicable, HQL parser will be used.
2025-11-07T22:04:39.796-06:00  WARN 70387 --- [smartboard-api] [  restartedMain] JpaBaseConfiguration$JpaWebConfiguration : spring.jpa.open-in-view is enabled by default. Therefore, database queries may be performed during view rendering. Explicitly configure spring.jpa.open-in-view to disable this warning
2025-11-07T22:04:39.857-06:00  WARN 70387 --- [smartboard-api] [  restartedMain] .s.s.UserDetailsServiceAutoConfiguration : 

Using generated security password: 320c1a95-122e-4ae0-a321-ae0f533a4025

This generated password is for development use only. Your security configuration must be updated before running your application in production.

2025-11-07T22:04:39.859-06:00  INFO 70387 --- [smartboard-api] [  restartedMain] r$InitializeUserDetailsManagerConfigurer : Global AuthenticationManager configured with UserDetailsService bean with name inMemoryUserDetailsManager
2025-11-07T22:04:39.918-06:00  INFO 70387 --- [smartboard-api] [  restartedMain] o.s.b.a.h2.H2ConsoleAutoConfiguration    : H2 console available at '/h2-console'. Database available at 'jdbc:h2:mem:smartboard'
2025-11-07T22:04:39.935-06:00  INFO 70387 --- [smartboard-api] [  restartedMain] o.s.b.d.a.OptionalLiveReloadServer       : LiveReload server is running on port 35729
2025-11-07T22:04:39.945-06:00  INFO 70387 --- [smartboard-api] [  restartedMain] o.s.b.w.embedded.tomcat.TomcatWebServer  : Tomcat started on port 8080 (http) with context path '/'
2025-11-07T22:04:39.949-06:00  INFO 70387 --- [smartboard-api] [  restartedMain] a.s.s.SmartboardApiApplication           : Started SmartboardApiApplication in 1.485 seconds (process running for 1.597)
Demo user created: demo@smartboard.ai / demo1234
2025-11-07T22:07:51.861-06:00  INFO 70387 --- [smartboard-api] [nio-8080-exec-1] o.a.c.c.C.[Tomcat].[localhost].[/]       : Initializing Spring DispatcherServlet 'dispatcherServlet'
2025-11-07T22:07:51.862-06:00  INFO 70387 --- [smartboard-api] [nio-8080-exec-1] o.s.web.servlet.DispatcherServlet        : Initializing Servlet 'dispatcherServlet'
2025-11-07T22:07:51.867-06:00  INFO 70387 --- [smartboard-api] [nio-8080-exec-1] o.s.web.servlet.DispatcherServlet        : Completed initialization in 5 ms
2025-11-07T22:09:58.521-06:00  INFO 70387 --- [smartboard-api] [ionShutdownHook] o.s.b.w.e.tomcat.GracefulShutdown        : Commencing graceful shutdown. Waiting for active requests to complete
2025-11-07T22:09:58.537-06:00  INFO 70387 --- [smartboard-api] [tomcat-shutdown] o.s.b.w.e.tomcat.GracefulShutdown        : Graceful shutdown complete
2025-11-07T22:09:58.543-06:00  INFO 70387 --- [smartboard-api] [ionShutdownHook] j.LocalContainerEntityManagerFactoryBean : Closing JPA EntityManagerFactory for persistence unit 'default'
2025-11-07T22:09:58.550-06:00  WARN 70387 --- [smartboard-api] [ionShutdownHook] o.s.b.f.support.DisposableBeanAdapter    : Invocation of destroy method failed on bean with name 'inMemoryDatabaseShutdownExecutor': org.h2.jdbc.JdbcSQLNonTransientConnectionException: Database is already closed (to disable automatic closing at VM shutdown, add ";DB_CLOSE_ON_EXIT=FALSE" to the db URL) [90121-232]
2025-11-07T22:09:58.550-06:00  INFO 70387 --- [smartboard-api] [ionShutdownHook] com.zaxxer.hikari.HikariDataSource       : HikariPool-1 - Shutdown initiated...
2025-11-07T22:09:58.551-06:00  INFO 70387 --- [smartboard-api] [ionShutdownHook] com.zaxxer.hikari.HikariDataSource       : HikariPool-1 - Shutdown completed.
[INFO] ------------------------------------------------------------------------
[INFO] BUILD FAILURE
[INFO] ------------------------------------------------------------------------
[INFO] Total time:  05:21 min
[INFO] Finished at: 2025-11-07T22:09:58-06:00
[INFO] ------------------------------------------------------------------------
[ERROR] Failed to execute goal org.springframework.boot:spring-boot-maven-plugin:3.5.6:run (default-cli) on project smartboard-api: Process terminated with exit code: 143 -> [Help 1]
[ERROR] 
[ERROR] To see the full stack trace of the errors, re-run Maven with the -e switch.
[ERROR] Re-run Maven using the -X switch to enable full debug logging.
[ERROR] 
[ERROR] For more information about the errors and possible solutions, please read the following articles:
[ERROR] [Help 1] http://cwiki.apache.org/confluence/display/MAVEN/MojoExecutionException
